// Jest Snapshot v1, https://goo.gl/fbAQLP

exports[`Testing Quote renders correctly 1`] = `
<div
  className="quotestyle"
>
  Mathematics is not about numbers,equations,computations,or algorithms: it is about understandig.-William Paul Thurston
</div>
`;
